Archive member included to satisfy reference by file (symbol)

C:/Program Files/SEGGER/SEGGER Embedded Studio for ARM 4.50/lib/libc_v7em_fpv4_sp_d16_hard_t_le_eabi.a(libc2.o)
                              Output/myProject Release/Obj/app_usbd_serial_num.o (snprintf)
C:/Program Files/SEGGER/SEGGER Embedded Studio for ARM 4.50/lib/libc_v7em_fpv4_sp_d16_hard_t_le_eabi.a(libc2_asm.o)
                              Output/myProject Release/Obj/app_usbd_core.o (memcpy)
C:/Program Files/SEGGER/SEGGER Embedded Studio for ARM 4.50/lib/libc_v7em_fpv4_sp_d16_hard_t_le_eabi.a(libc.o)
                              C:/Program Files/SEGGER/SEGGER Embedded Studio for ARM 4.50/lib/libc_v7em_fpv4_sp_d16_hard_t_le_eabi.a(libc2.o) (__heap_lock)
C:/Program Files/SEGGER/SEGGER Embedded Studio for ARM 4.50/lib/libc_v7em_fpv4_sp_d16_hard_t_le_eabi.a(libc_asm.o)
                              C:/Program Files/SEGGER/SEGGER Embedded Studio for ARM 4.50/lib/libc_v7em_fpv4_sp_d16_hard_t_le_eabi.a(libc2.o) (__aeabi_uldivmod)
C:/Program Files/SEGGER/SEGGER Embedded Studio for ARM 4.50/lib/libdebugio_v7em_fpv4_sp_d16_hard_t_le_eabi.a(libdebugio.o)
                              Output/myProject Release/Obj/thumb_crt0.o (debug_fopen)
C:/Program Files/SEGGER/SEGGER Embedded Studio for ARM 4.50/lib/libdebugio_mempoll_v7em_fpv4_sp_d16_hard_t_le_eabi.a(mempoll_debug_operations.o)
                              C:/Program Files/SEGGER/SEGGER Embedded Studio for ARM 4.50/lib/libdebugio_v7em_fpv4_sp_d16_hard_t_le_eabi.a(libdebugio.o) (__do_debug_operation)
C:/Program Files/SEGGER/SEGGER Embedded Studio for ARM 4.50/lib/libdebugio_mempoll_v7em_fpv4_sp_d16_hard_t_le_eabi.a(do_nv_debug_operation.o)
                              C:/Program Files/SEGGER/SEGGER Embedded Studio for ARM 4.50/lib/libdebugio_v7em_fpv4_sp_d16_hard_t_le_eabi.a(libdebugio.o) (__do_nvdebug_operation)
C:/Program Files/SEGGER/SEGGER Embedded Studio for ARM 4.50/lib/libm_v7em_fpv4_sp_d16_hard_t_le_eabi.a(libm_asm.o)
                              C:/Program Files/SEGGER/SEGGER Embedded Studio for ARM 4.50/lib/libc_v7em_fpv4_sp_d16_hard_t_le_eabi.a(libc2.o) (__aeabi_dadd)
C:/Program Files/SEGGER/SEGGER Embedded Studio for ARM 4.50/lib/libm_v7em_fpv4_sp_d16_hard_t_le_eabi.a(libm2.o)
                              C:/Program Files/SEGGER/SEGGER Embedded Studio for ARM 4.50/lib/libvfprintf_v7em_fpv4_sp_d16_hard_t_le_eabi.o (frexp)

Discarded input sections

 .text          0x0000000000000000        0x0 Output/myProject Release/Obj/thumb_crt0.o
 .data          0x0000000000000000        0x0 Output/myProject Release/Obj/thumb_crt0.o
 .bss           0x0000000000000000        0x0 Output/myProject Release/Obj/thumb_crt0.o
 .text.__aeabi_read_tp
                0x0000000000000000        0x8 Output/myProject Release/Obj/thumb_crt0.o
 .text.abort    0x0000000000000000        0x2 Output/myProject Release/Obj/thumb_crt0.o
 .text.__assert
                0x0000000000000000        0x2 Output/myProject Release/Obj/thumb_crt0.o
 .text.__aeabi_assert
                0x0000000000000000        0x2 Output/myProject Release/Obj/thumb_crt0.o
 .text.__sync_synchronize
                0x0000000000000000        0x2 Output/myProject Release/Obj/thumb_crt0.o
 .text.__getchar
                0x0000000000000000        0x4 Output/myProject Release/Obj/thumb_crt0.o
 .text.__putchar
                0x0000000000000000        0x4 Output/myProject Release/Obj/thumb_crt0.o
 .text.__open   0x0000000000000000        0x4 Output/myProject Release/Obj/thumb_crt0.o
 .text.__close  0x0000000000000000        0x4 Output/myProject Release/Obj/thumb_crt0.o
 .text.__write  0x0000000000000000        0xa Output/myProject Release/Obj/thumb_crt0.o
 .text.__read   0x0000000000000000        0xa Output/myProject Release/Obj/thumb_crt0.o
 .text.__seek   0x0000000000000000       0x1a Output/myProject Release/Obj/thumb_crt0.o
 .bss.__user_locale_name_buffer
                0x0000000000000000        0x4 Output/myProject Release/Obj/thumb_crt0.o
 .stack         0x0000000000000000        0x0 Output/myProject Release/Obj/thumb_crt0.o
 .stack_process
                0x0000000000000000        0x0 Output/myProject Release/Obj/thumb_crt0.o
 .heap          0x0000000000000000        0x0 Output/myProject Release/Obj/thumb_crt0.o
 .group         0x0000000000000000        0xc Output/myProject Release/Obj/main.o
 .group         0x0000000000000000        0xc Output/myProject Release/Obj/main.o
 .group         0x0000000000000000        0xc Output/myProject Release/Obj/main.o
 .group         0x0000000000000000        0xc Output/myProject Release/Obj/main.o
 .group         0x0000000000000000        0xc Output/myProject Release/Obj/main.o
 .group         0x0000000000000000        0xc Output/myProject Release/Obj/main.o
 .group         0x0000000000000000        0xc Output/myProject Release/Obj/main.o
 .group         0x0000000000000000        0xc Output/myProject Release/Obj/main.o
 .group         0x0000000000000000        0xc Output/myProject Release/Obj/main.o
[...]
Memory Configuration

Name             Origin             Length             Attributes
UNPLACED_SECTIONS 0x0000000100000000 0x0000000000000000 xw
RAM              0x0000000020000000 0x0000000000040000 xw
FLASH            0x0000000000000000 0x0000000000100000 xw
*default*        0x0000000000000000 0xffffffffffffffff

Linker script and memory map

                0x0000000000000000                __vfprintf = __vfprintf_long
                0x0000000000000000                __vfscanf = __vfscanf_int
                0x0000000020000000                __RAM_segment_start__ = 0x20000000
                0x0000000020040000                __RAM_segment_end__ = 0x20040000
                0x0000000000040000                __RAM_segment_size__ = 0x40000
                0x0000000000000000                __FLASH_segment_start__ = 0x0
                0x0000000000100000                __FLASH_segment_end__ = 0x100000
                0x0000000000100000                __FLASH_segment_size__ = 0x100000
                0x0000000000002000                __HEAPSIZE__ = 0x2000
                0x0000000000000000                __STACKSIZE_PROCESS__ = 0x0
                0x0000000000002000                __STACKSIZE__ = 0x2000
                0x0000000020000000                __reserved_ram_load_start__ = 0x20000000

.reserved_ram   0x0000000020000000        0x8
                0x0000000020000000                __reserved_ram_start__ = .
 *(.reserved_ram .reserved_ram.*)
                0x0000000020000008                . = MAX (((__reserved_ram_start__ + 0x20000008) - 0x20000000), .)
 *fill*         0x0000000020000000        0x8 
                0x0000000020000008                __reserved_ram_end__ = (__reserved_ram_start__ + SIZEOF (.reserved_ram))
                0x0000000000000008                __reserved_ram_size__ = SIZEOF (.reserved_ram)
                0x0000000020000008                __reserved_ram_load_end__ = __reserved_ram_end__
                0x0000000000000001                . = ASSERT (((__reserved_ram_start__ == __reserved_ram_end__) || ((__reserved_ram_end__ - __RAM_segment_start__) <= __RAM_segment_size__)), error: .reserved_ram is too large to fit in RAM memory segment)
                0x0000000020000008                __vectors_ram_load_start__ = 0x20000008

.vectors_ram    0x0000000020000008        0x0
                0x0000000020000008                __vectors_ram_start__ = .
                0x0000000020000008                __app_ram_start__ = __vectors_ram_start__
 *(.vectors_ram .vectors_ram.*)
                0x0000000020000008                __vectors_ram_end__ = (__vectors_ram_start__ + SIZEOF (.vectors_ram))
                0x0000000000000000                __vectors_ram_size__ = SIZEOF (.vectors_ram)
                0x0000000020000008                __vectors_ram_load_end__ = __vectors_ram_end__
                0x0000000000000001                . = ASSERT (((__vectors_ram_start__ == __vectors_ram_end__) || ((__vectors_ram_end__ - __RAM_segment_start__) <= __RAM_segment_size__)), error: .vectors_ram is too large to fit in RAM memory segment)
                0x0000000000000001                . = ASSERT ((__reserved_ram_end__ <= __vectors_ram_start__), error: section .reserved_ram overlaps absolute placed section .vectors_ram)
                0x0000000020000008                __nrf_sections_run_load_start__ = ALIGN (__vectors_ram_end__, 0x4)

.nrf_sections_run
                0x0000000020000008        0x0
                0x0000000020000008                __nrf_sections_run_start__ = .
                0x0000000020000008                __start_nrf_sections_run = __nrf_sections_run_start__
 *(.nrf_sections_run .nrf_sections_run.*)
                0x0000000020000008                __nrf_sections_run_end__ = (__nrf_sections_run_start__ + SIZEOF (.nrf_sections_run))
                0x0000000000000000                __nrf_sections_run_size__ = SIZEOF (.nrf_sections_run)
                0x0000000020000008                __nrf_sections_run_load_end__ = __nrf_sections_run_end__
                0x0000000000000001                . = ASSERT (((__nrf_sections_run_start__ == __nrf_sections_run_end__) || ((__nrf_sections_run_end__ - __RAM_segment_start__) <= __RAM_segment_size__)), error: .nrf_sections_run is too large to fit in RAM memory segment)
                0x0000000000000000                __reserved_flash_load_start__ = 0x0

.reserved_flash
                0x0000000000000000     0x1000
                0x0000000000000000                __reserved_flash_start__ = .
 *(.reserved_flash .reserved_flash.*)
                0x0000000000001000                . = MAX (((__reserved_flash_start__ + 0x1000) - 0x0), .)
 *fill*         0x0000000000000000     0x1000 
                0x0000000000001000                __reserved_flash_end__ = (__reserved_flash_start__ + SIZEOF (.reserved_flash))
                0x0000000000001000                __reserved_flash_size__ = SIZEOF (.reserved_flash)
                0x0000000000001000                __reserved_flash_load_end__ = __reserved_flash_end__
                0x0000000000000001                . = ASSERT (((__reserved_flash_start__ == __reserved_flash_end__) || ((__reserved_flash_end__ - __FLASH_segment_start__) <= __FLASH_segment_size__)), error: .reserved_flash is too large to fit in FLASH memory segment)
                0x0000000000001000                __vectors_load_start__ = 0x1000

.vectors        0x0000000000001000      0x200
                0x0000000000001000                __vectors_start__ = .
 *(.vectors .vectors.*)
 .vectors       0x0000000000001000      0x200 Output/myProject Release/Obj/ses_startup_nrf52840.o
                0x0000000000001000                _vectors
                0x0000000000001200                __vectors_end__ = (__vectors_start__ + SIZEOF (.vectors))
                0x0000000000000200                __vectors_size__ = SIZEOF (.vectors)
                0x0000000000001200                __vectors_load_end__ = __vectors_end__
                0x0000000000000001                . = ASSERT (((__vectors_start__ == __vectors_end__) || ((__vectors_end__ - __FLASH_segment_start__) <= __FLASH_segment_size__)), error: .vectors is too large to fit in FLASH memory segment)
                0x0000000000000001                . = ASSERT ((__reserved_flash_end__ <= __vectors_start__), error: section .reserved_flash overlaps absolute placed section .vectors)
                0x0000000000001200                __init_load_start__ = ALIGN (__vectors_end__, 0x4)

.init           0x0000000000001200      0x1d4
                0x0000000000001200                __init_start__ = .
 *(.init .init.*)
 .init          0x0000000000001200      0x15c Output/myProject Release/Obj/thumb_crt0.o
                0x0000000000001200                _start
                0x00000000000012b4                exit
 .init          0x000000000000135c       0x60 Output/myProject Release/Obj/ses_startup_nrf_common.o
                0x000000000000135c                Reset_Handler
                0x0000000000001384                InitializeUserMemorySections
 .init          0x00000000000013bc       0x18 Output/myProject Release/Obj/ses_startup_nrf52840.o
                0x00000000000013bc                NMI_Handler
                0x00000000000013be                HardFault_Handler
                0x00000000000013c0                MemoryManagement_Handler
                0x00000000000013c2                BusFault_Handler
                0x00000000000013c4                UsageFault_Handler
                0x00000000000013c6                SVC_Handler
                0x00000000000013c8                DebugMon_Handler
                0x00000000000013ca                PendSV_Handler
                0x00000000000013cc                SysTick_Handler
                0x00000000000013ce                PWM1_IRQHandler
                0x00000000000013ce                GPIOTE_IRQHandler
                0x00000000000013ce                RTC0_IRQHandler
                0x00000000000013ce                RADIO_IRQHandler
                0x00000000000013ce                PDM_IRQHandler
                0x00000000000013ce                SWI2_EGU2_IRQHandler
                0x00000000000013ce                QDEC_IRQHandler
                0x00000000000013ce                TIMER3_IRQHandler
                0x00000000000013ce                PWM3_IRQHandler
                0x00000000000013ce                FPU_IRQHandler
                0x00000000000013ce                SPIM0_SPIS0_TWIM0_TWIS0_SPI0_TWI0_IRQHandler
                0x00000000000013ce                QSPI_IRQHandler
                0x00000000000013ce                UARTE0_UART0_IRQHandler
                0x00000000000013ce                TIMER4_IRQHandler
                0x00000000000013ce                CRYPTOCELL_IRQHandler
                0x00000000000013ce                TEMP_IRQHandler
                0x00000000000013ce                SWI4_EGU4_IRQHandler
                0x00000000000013ce                TIMER0_IRQHandler
                0x00000000000013ce                UARTE1_IRQHandler
                0x00000000000013ce                Dummy_Handler
                0x00000000000013ce                TIMER1_IRQHandler
                0x00000000000013ce                SPIM3_IRQHandler
                0x00000000000013ce                PWM2_IRQHandler
                0x00000000000013ce                ECB_IRQHandler
                0x00000000000013ce                SPIM1_SPIS1_TWIM1_TWIS1_SPI1_TWI1_IRQHandler
                0x00000000000013ce                SAADC_IRQHandler
                0x00000000000013ce                CCM_AAR_IRQHandler
                0x00000000000013ce                WDT_IRQHandler
                0x00000000000013ce                SWI0_EGU0_IRQHandler
                0x00000000000013ce                SWI5_EGU5_IRQHandler
                0x00000000000013ce                RNG_IRQHandler
                0x00000000000013ce                RTC2_IRQHandler
                0x00000000000013ce                PWM0_IRQHandler
                0x00000000000013ce                SWI3_EGU3_IRQHandler
                0x00000000000013ce                RTC1_IRQHandler
                0x00000000000013ce                SWI1_EGU1_IRQHandler
                0x00000000000013ce                SPIM2_SPIS2_SPI2_IRQHandler
                0x00000000000013ce                NFCT_IRQHandler
                0x00000000000013ce                I2S_IRQHandler
                0x00000000000013ce                MWU_IRQHandler
                0x00000000000013ce                TIMER2_IRQHandler
                0x00000000000013ce                COMP_LPCOMP_IRQHandler
                0x00000000000013d0                nRFInitialize
                0x00000000000013d4                __init_end__ = (__init_start__ + SIZEOF (.init))
                0x00000000000001d4                __init_size__ = SIZEOF (.init)
                0x00000000000013d4                __init_load_end__ = __init_end__
                0x0000000000000001                . = ASSERT (((__init_start__ == __init_end__) || ((__init_end__ - __FLASH_segment_start__) <= __FLASH_segment_size__)), error: .init is too large to fit in FLASH memory segment)
                0x00000000000013d4                __init_rodata_load_start__ = ALIGN (__init_end__, 0x4)

.init_rodata    0x00000000000013d4        0x0
                0x00000000000013d4                __init_rodata_start__ = .
 *(.init_rodata .init_rodata.*)
                0x00000000000013d4                __init_rodata_end__ = (__init_rodata_start__ + SIZEOF (.init_rodata))
                0x0000000000000000                __init_rodata_size__ = SIZEOF (.init_rodata)
                0x00000000000013d4                __init_rodata_load_end__ = __init_rodata_end__
                0x0000000000000001                . = ASSERT (((__init_rodata_start__ == __init_rodata_end__) || ((__init_rodata_end__ - __FLASH_segment_start__) <= __FLASH_segment_size__)), error: .init_rodata is too large to fit in FLASH memory segment)
                0x00000000000013d4                __text_load_start__ = ALIGN (__init_rodata_end__, 0x4)

.text           0x00000000000013d4     0x1298
                0x00000000000013d4                __text_start__ = .
 *(.text .text.* .glue_7t .glue_7 .gnu.linkonce.t.* .gcc_except_table .ARM.extab* .gnu.linkonce.armextab.*)
 .glue_7        0x00000000000013d4        0x0 linker stubs
 .glue_7t       0x00000000000013d4        0x0 linker stubs
 .text.read_packet
                0x00000000000013d4       0x5c Output/myProject Release/Obj/main.o
                0x00000000000013d4                read_packet
 .text.LED_Control
                0x0000000000001430       0x6a Output/myProject Release/Obj/main.o
                0x0000000000001430                LED_Control
 *fill*         0x000000000000149a        0x2 
 .text.startup.main
                0x000000000000149c       0x4c Output/myProject Release/Obj/main.o
                0x000000000000149c                main
 .text.bsp_board_led_on
                0x00000000000014e8       0x28 Output/myProject Release/Obj/boards.o
                0x00000000000014e8                bsp_board_led_on
 .text.bsp_board_led_off
                0x0000000000001510       0x28 Output/myProject Release/Obj/boards.o
                0x0000000000001510                bsp_board_led_off
 .text.bsp_board_leds_off
                0x0000000000001538       0x1e Output/myProject Release/Obj/boards.o
                0x0000000000001538                bsp_board_leds_off
 *fill*         0x0000000000001556        0x2 
 .text.bsp_board_init
                0x0000000000001558       0xac Output/myProject Release/Obj/boards.o
                0x0000000000001558                bsp_board_init
 .text.errata_98
                0x0000000000001604       0x20 Output/myProject Release/Obj/system_nrf52840.o
 .text.SystemInit
                0x0000000000001624      0x1b8 Output/myProject Release/Obj/system_nrf52840.o
                0x0000000000001624                SystemInit
 .text.app_util_disable_irq
                0x00000000000017dc       0x10 Output/myProject Release/Obj/app_util_platform.o
                0x00000000000017dc                app_util_disable_irq
 .text.app_util_enable_irq
                0x00000000000017ec       0x14 Output/myProject Release/Obj/app_util_platform.o
                0x00000000000017ec                app_util_enable_irq
 .text.app_util_critical_region_enter
                0x0000000000001800        0x4 Output/myProject Release/Obj/app_util_platform.o
                0x0000000000001800                app_util_critical_region_enter
 .text.app_util_critical_region_exit
                0x0000000000001804        0x4 Output/myProject Release/Obj/app_util_platform.o
                0x0000000000001804                app_util_critical_region_exit
 .text.nrf_atomic_u32_and
                0x0000000000001808       0x18 Output/myProject Release/Obj/nrf_atomic.o
                0x0000000000001808                nrf_atomic_u32_and
 .text.clock_clk_started_notify
                0x0000000000001820       0x24 Output/myProject Release/Obj/nrf_drv_clock.o
 .text.clock_irq_handler
                0x0000000000001844       0x1c Output/myProject Release/Obj/nrf_drv_clock.o
 .text.nrf_drv_clock_init
                0x0000000000001860       0x30 Output/myProject Release/Obj/nrf_drv_clock.o
                0x0000000000001860                nrf_drv_clock_init
 .text.nrf_drv_clock_lfclk_request
                0x0000000000001890       0x54 Output/myProject Release/Obj/nrf_drv_clock.o
                0x0000000000001890                nrf_drv_clock_lfclk_request
 .text.nrf_drv_clock_lfclk_is_running
                0x00000000000018e4        0xe Output/myProject Release/Obj/nrf_drv_clock.o
                0x00000000000018e4                nrf_drv_clock_lfclk_is_running
 *fill*         0x00000000000018f2        0x2 
 .text.nrf_drv_clock_hfclk_request
                0x00000000000018f4       0x54 Output/myProject Release/Obj/nrf_drv_clock.o
                0x00000000000018f4                nrf_drv_clock_hfclk_request
 .text.nrf_drv_clock_hfclk_is_running
                0x0000000000001948       0x16 Output/myProject Release/Obj/nrf_drv_clock.o
                0x0000000000001948                nrf_drv_clock_hfclk_is_running
 .text.nrf_clock_event_clear
                0x000000000000195e       0x14 Output/myProject Release/Obj/nrfx_clock.o
 *fill*         0x0000000000001972        0x2 
 .text.nrfx_clock_init
                0x0000000000001974       0x18 Output/myProject Release/Obj/nrfx_clock.o
                0x0000000000001974                nrfx_clock_init
 .text.nrfx_clock_enable
                0x000000000000198c       0x30 Output/myProject Release/Obj/nrfx_clock.o
                0x000000000000198c                nrfx_clock_enable
 .text.nrfx_clock_lfclk_start
                0x00000000000019bc       0x1a Output/myProject Release/Obj/nrfx_clock.o
                0x00000000000019bc                nrfx_clock_lfclk_start
 .text.nrfx_clock_hfclk_start
                0x00000000000019d6       0x18 Output/myProject Release/Obj/nrfx_clock.o
                0x00000000000019d6                nrfx_clock_hfclk_start
 *fill*         0x00000000000019ee        0x2 
 .text.nrfx_clock_irq_handler
                0x00000000000019f0       0x58 Output/myProject Release/Obj/nrfx_clock.o
                0x00000000000019f0                nrfx_clock_irq_handler
 .text.nrf_usbd_task_trigger
                0x0000000000001a48       0x16 Output/myProject Release/Obj/nrf_drv_usbd.o
 *fill*         0x0000000000001a5e        0x2 
 .text.nrf_drv_usbd_errata_type_52840_eng_a
                0x0000000000001a60       0x20 Output/myProject Release/Obj/nrf_drv_usbd.o
 .text.ep_state_access
                0x0000000000001a80       0x1c Output/myProject Release/Obj/nrf_drv_usbd.o
 .text.ep2bit   0x0000000000001a9c       0x12 Output/myProject Release/Obj/nrf_drv_usbd.o
 *fill*         0x0000000000001aae        0x2 
 .text.usbd_dma_pending_clear
                0x0000000000001ab0       0x14 Output/myProject Release/Obj/nrf_drv_usbd.o
 .text.ev_usbreset_handler
                0x0000000000001ac4       0x34 Output/myProject Release/Obj/nrf_drv_usbd.o
 .text.ev_started_handler
                0x0000000000001af8        0x2 Output/myProject Release/Obj/nrf_drv_usbd.o
 *fill*         0x0000000000001afa        0x2 
 .text.ev_dma_epin0_handler
                0x0000000000001afc       0x30 Output/myProject Release/Obj/nrf_drv_usbd.o
 .text.ev_sof_handler
                0x0000000000001b2c       0x44 Output/myProject Release/Obj/nrf_drv_usbd.o
 .text.usbd_ep_data_handler
                0x0000000000001b70       0x58 Output/myProject Release/Obj/nrf_drv_usbd.o
 .text.ev_setup_data_handler
                0x0000000000001bc8       0x1c Output/myProject Release/Obj/nrf_drv_usbd.o
 .text.nrf_usbd_epin_dma_handler
                0x0000000000001be4       0x38 Output/myProject Release/Obj/nrf_drv_usbd.o
 .text.ev_dma_epin7_handler
                0x0000000000001c1c        0x6 Output/myProject Release/Obj/nrf_drv_usbd.o
 .text.ev_dma_epin6_handler
                0x0000000000001c22        0x6 Output/myProject Release/Obj/nrf_drv_usbd.o
 .text.ev_dma_epin5_handler
                0x0000000000001c28        0x6 Output/myProject Release/Obj/nrf_drv_usbd.o
 .text.ev_dma_epin4_handler
                0x0000000000001c2e        0x6 Output/myProject Release/Obj/nrf_drv_usbd.o
 .text.ev_dma_epin3_handler
                0x0000000000001c34        0x6 Output/myProject Release/Obj/nrf_drv_usbd.o
 .text.ev_dma_epin2_handler
                0x0000000000001c3a        0x6 Output/myProject Release/Obj/nrf_drv_usbd.o
 .text.ev_dma_epin1_handler
                0x0000000000001c40        0x6 Output/myProject Release/Obj/nrf_drv_usbd.o
 *fill*         0x0000000000001c46        0x2 
 .text.ev_dma_epin8_handler
                0x0000000000001c48       0x54 Output/myProject Release/Obj/nrf_drv_usbd.o
 .text.ev_dma_epout8_handler
                0x0000000000001c9c       0x48 Output/myProject Release/Obj/nrf_drv_usbd.o
 .text.ev_usbevent_handler
                0x0000000000001ce4       0xa0 Output/myProject Release/Obj/nrf_drv_usbd.o
 .text.usbd_dmareq_process
                0x0000000000001d84      0x21c Output/myProject Release/Obj/nrf_drv_usbd.o
 .text.ev_epdata_handler
                0x0000000000001fa0       0x68 Output/myProject Release/Obj/nrf_drv_usbd.o
 .text.nrf_usbd_epout_dma_handler
                0x0000000000002008       0x68 Output/myProject Release/Obj/nrf_drv_usbd.o
 .text.ev_dma_epout7_handler
                0x0000000000002070        0x6 Output/myProject Release/Obj/nrf_drv_usbd.o
 .text.ev_dma_epout6_handler
                0x0000000000002076        0x6 Output/myProject Release/Obj/nrf_drv_usbd.o
 .text.ev_dma_epout5_handler
                0x000000000000207c        0x6 Output/myProject Release/Obj/nrf_drv_usbd.o
 .text.ev_dma_epout4_handler
                0x0000000000002082        0x6 Output/myProject Release/Obj/nrf_drv_usbd.o
 .text.ev_dma_epout3_handler
                0x0000000000002088        0x6 Output/myProject Release/Obj/nrf_drv_usbd.o
 .text.ev_dma_epout2_handler
                0x000000000000208e        0x6 Output/myProject Release/Obj/nrf_drv_usbd.o
 .text.ev_dma_epout1_handler
                0x0000000000002094        0x6 Output/myProject Release/Obj/nrf_drv_usbd.o
 .text.nrf_drv_usbd_setup_data_clear
                0x000000000000209a       0x2a Output/myProject Release/Obj/nrf_drv_usbd.o
                0x000000000000209a                nrf_drv_usbd_setup_data_clear
 .text.ev_dma_epout0_handler
                0x00000000000020c4       0x50 Output/myProject Release/Obj/nrf_drv_usbd.o
 .text.nrf_drv_usbd_transfer_out_drop
                0x0000000000002114       0x84 Output/myProject Release/Obj/nrf_drv_usbd.o
                0x0000000000002114                nrf_drv_usbd_transfer_out_drop
 .text.usbd_ep_abort
                0x0000000000002198       0xdc Output/myProject Release/Obj/nrf_drv_usbd.o
 .text.ev_setup_handler
                0x0000000000002274       0x78 Output/myProject Release/Obj/nrf_drv_usbd.o
 .text.USBD_IRQHandler
                0x00000000000022ec      0x174 Output/myProject Release/Obj/nrf_drv_usbd.o
                0x00000000000022ec                USBD_IRQHandler
 .text.nrf_power_event_get_and_clear
                0x0000000000002460       0x14 Output/myProject Release/Obj/nrfx_power.o
 .text.nrfx_power_irq_handler
                0x0000000000002474       0xa0 Output/myProject Release/Obj/nrfx_power.o
                0x0000000000002474                nrfx_power_irq_handler
 .text.POWER_CLOCK_IRQHandler
                0x0000000000002514        0xe Output/myProject Release/Obj/nrfx_power_clock.o
                0x0000000000002514                POWER_CLOCK_IRQHandler
 .text.swap_bits
                0x0000000000002522       0x22 Output/myProject Release/Obj/radio_config.o
 .text.radio_configure
                0x0000000000002544      0x128 Output/myProject Release/Obj/radio_config.o
                0x0000000000002544                radio_configure
                0x000000000000266c                __text_end__ = (__text_start__ + SIZEOF (.text))
                0x0000000000001298                __text_size__ = SIZEOF (.text)
                0x000000000000266c                __text_load_end__ = __text_end__

.vfp11_veneer   0x0000000100000000        0x0
 .vfp11_veneer  0x0000000100000000        0x0 linker stubs

.v4_bx          0x0000000100000000        0x0
 .v4_bx         0x0000000100000000        0x0 linker stubs

.iplt           0x0000000100000000        0x0
 .iplt          0x0000000100000000        0x0 Output/myProject Release/Obj/thumb_crt0.o
                0x0000000000000001                . = ASSERT (((__text_start__ == __text_end__) || ((__text_end__ - __FLASH_segment_start__) <= __FLASH_segment_size__)), error: .text is too large to fit in FLASH memory segment)
                0x000000000000266c                __log_const_data_load_start__ = ALIGN (__text_end__, 0x4)

.log_const_data
                0x000000000000266c        0x0
                0x000000000000266c                __log_const_data_start__ = .
                0x000000000000266c                __start_log_const_data = __log_const_data_start__
 *(SORT_BY_NAME(.log_const_data*))
                0x000000000000266c                __log_const_data_end__ = (__log_const_data_start__ + SIZEOF (.log_const_data))
                0x0000000000000000                __log_const_data_size__ = SIZEOF (.log_const_data)
                0x000000000000266c                __stop_log_const_data = __log_const_data_end__
                0x000000000000266c                __log_const_data_load_end__ = __log_const_data_end__
                0x0000000000000001                . = ASSERT (((__log_const_data_start__ == __log_const_data_end__) || ((__log_const_data_end__ - __FLASH_segment_start__) <= __FLASH_segment_size__)), error: .log_const_data is too large to fit in FLASH memory segment)
                0x000000000000266c                __log_backends_load_start__ = ALIGN (__log_const_data_end__, 0x4)

.log_backends   0x000000000000266c        0x0
                0x000000000000266c                __log_backends_start__ = .
                0x000000000000266c                __start_log_backends = __log_backends_start__
 *(SORT_BY_NAME(.log_backends*))
                0x000000000000266c                __log_backends_end__ = (__log_backends_start__ + SIZEOF (.log_backends))
                0x0000000000000000                __log_backends_size__ = SIZEOF (.log_backends)
                0x000000000000266c                __stop_log_backends = __log_backends_end__
                0x000000000000266c                __log_backends_load_end__ = __log_backends_end__
                0x0000000000000001                . = ASSERT (((__log_backends_start__ == __log_backends_end__) || ((__log_backends_end__ - __FLASH_segment_start__) <= __FLASH_segment_size__)), error: .log_backends is too large to fit in FLASH memory segment)
                0x000000000000266c                __nrf_balloc_load_start__ = ALIGN (__log_backends_end__, 0x4)

.nrf_balloc     0x000000000000266c        0x0
                0x000000000000266c                __nrf_balloc_start__ = .
                0x000000000000266c                __start_nrf_balloc = __nrf_balloc_start__
 *(.nrf_balloc*)
                0x000000000000266c                __nrf_balloc_end__ = (__nrf_balloc_start__ + SIZEOF (.nrf_balloc))
                0x0000000000000000                __nrf_balloc_size__ = SIZEOF (.nrf_balloc)
                0x000000000000266c                __stop_nrf_balloc = __nrf_balloc_end__
                0x000000000000266c                __nrf_balloc_load_end__ = __nrf_balloc_end__
                0x0000000000000001                . = ASSERT (((__nrf_balloc_start__ == __nrf_balloc_end__) || ((__nrf_balloc_end__ - __FLASH_segment_start__) <= __FLASH_segment_size__)), error: .nrf_balloc is too large to fit in FLASH memory segment)
                0x000000000000266c                __nrf_sections_load_start__ = ALIGN (__nrf_balloc_end__, 0x4)

.nrf_sections   0x000000000000266c        0x0
                0x000000000000266c                __nrf_sections_start__ = .
                0x000000000000266c                __start_nrf_sections = __nrf_sections_start__
 *(.nrf_sections .nrf_sections.*)
                0x000000000000266c                __nrf_sections_end__ = (__nrf_sections_start__ + SIZEOF (.nrf_sections))
                0x0000000000000000                __nrf_sections_size__ = SIZEOF (.nrf_sections)
                0x000000000000266c                __nrf_sections_load_end__ = __nrf_sections_end__
                0x0000000000000001                . = ASSERT (((__nrf_sections_start__ == __nrf_sections_end__) || ((__nrf_sections_end__ - __FLASH_segment_start__) <= __FLASH_segment_size__)), error: .nrf_sections is too large to fit in FLASH memory segment)
                0x000000000000266c                __log_dynamic_data_load_start__ = ALIGN (__nrf_sections_end__, 0x4)

.log_dynamic_data
                0x0000000020000008        0x0 load address 0x000000000000266c
                0x0000000020000008                __log_dynamic_data_start__ = .
 *(SORT_BY_NAME(.log_dynamic_data*))
                0x0000000020000008                __log_dynamic_data_end__ = (__log_dynamic_data_start__ + SIZEOF (.log_dynamic_data))
                0x0000000000000000                __log_dynamic_data_size__ = SIZEOF (.log_dynamic_data)
                0x000000000000266c                __log_dynamic_data_load_end__ = (__log_dynamic_data_load_start__ + SIZEOF (.log_dynamic_data))
                0x0000000000000001                . = ASSERT (((__log_dynamic_data_load_start__ == __log_dynamic_data_load_end__) || ((__log_dynamic_data_load_end__ - __FLASH_segment_start__) <= __FLASH_segment_size__)), error: .log_dynamic_data is too large to fit in FLASH memory segment)

.log_dynamic_data_run
                0x0000000020000008        0x0
                0x0000000020000008                __log_dynamic_data_run_start__ = .
                0x0000000020000008                __start_log_dynamic_data = __log_dynamic_data_run_start__
                0x0000000020000008                . = MAX ((__log_dynamic_data_run_start__ + SIZEOF (.log_dynamic_data)), .)
                0x0000000020000008                __log_dynamic_data_run_end__ = (__log_dynamic_data_run_start__ + SIZEOF (.log_dynamic_data_run))
                0x0000000000000000                __log_dynamic_data_run_size__ = SIZEOF (.log_dynamic_data_run)
                0x0000000020000008                __stop_log_dynamic_data = __log_dynamic_data_run_end__
                0x0000000020000008                __log_dynamic_data_run_load_end__ = __log_dynamic_data_run_end__
                0x0000000000000001                . = ASSERT (((__log_dynamic_data_run_start__ == __log_dynamic_data_run_end__) || ((__log_dynamic_data_run_end__ - __RAM_segment_start__) <= __RAM_segment_size__)), error: .log_dynamic_data_run is too large to fit in RAM memory segment)
                0x000000000000266c                __log_filter_data_load_start__ = ALIGN ((__log_dynamic_data_load_start__ + SIZEOF (.log_dynamic_data)), 0x4)

.log_filter_data
                0x0000000020000008        0x0 load address 0x000000000000266c
                0x0000000020000008                __log_filter_data_start__ = .
 *(SORT_BY_NAME(.log_filter_data*))
                0x0000000020000008                __log_filter_data_end__ = (__log_filter_data_start__ + SIZEOF (.log_filter_data))
                0x0000000000000000                __log_filter_data_size__ = SIZEOF (.log_filter_data)
                0x000000000000266c                __log_filter_data_load_end__ = (__log_filter_data_load_start__ + SIZEOF (.log_filter_data))
                0x0000000000000001                . = ASSERT (((__log_filter_data_load_start__ == __log_filter_data_load_end__) || ((__log_filter_data_load_end__ - __FLASH_segment_start__) <= __FLASH_segment_size__)), error: .log_filter_data is too large to fit in FLASH memory segment)

.log_filter_data_run
                0x0000000020000008        0x0
                0x0000000020000008                __log_filter_data_run_start__ = .
                0x0000000020000008                __start_log_filter_data = __log_filter_data_run_start__
                0x0000000020000008                . = MAX ((__log_filter_data_run_start__ + SIZEOF (.log_filter_data)), .)
                0x0000000020000008                __log_filter_data_run_end__ = (__log_filter_data_run_start__ + SIZEOF (.log_filter_data_run))
                0x0000000000000000                __log_filter_data_run_size__ = SIZEOF (.log_filter_data_run)
                0x0000000020000008                __stop_log_filter_data = __log_filter_data_run_end__
                0x0000000020000008                __log_filter_data_run_load_end__ = __log_filter_data_run_end__
                0x0000000000000001                . = ASSERT (((__log_filter_data_run_start__ == __log_filter_data_run_end__) || ((__log_filter_data_run_end__ - __RAM_segment_start__) <= __RAM_segment_size__)), error: .log_filter_data_run is too large to fit in RAM memory segment)
                0x0000000020000008                __nrf_sections_run_end_load_start__ = ALIGN (__log_filter_data_run_end__, 0x4)

.nrf_sections_run_end
                0x0000000020000008        0x0
                0x0000000020000008                __nrf_sections_run_end_start__ = .
                0x0000000020000008                __end_nrf_sections_run = __nrf_sections_run_end_start__
 *(.nrf_sections_run_end .nrf_sections_run_end.*)
                0x0000000020000008                __nrf_sections_run_end_end__ = (__nrf_sections_run_end_start__ + SIZEOF (.nrf_sections_run_end))
                0x0000000000000000                __nrf_sections_run_end_size__ = SIZEOF (.nrf_sections_run_end)
                0x0000000020000008                __nrf_sections_run_end_load_end__ = __nrf_sections_run_end_end__
                0x0000000000000001                . = ASSERT (((__nrf_sections_run_end_start__ == __nrf_sections_run_end_end__) || ((__nrf_sections_run_end_end__ - __RAM_segment_start__) <= __RAM_segment_size__)), error: .nrf_sections_run_end is too large to fit in RAM memory segment)
                0x000000000000266c                __dtors_load_start__ = ALIGN ((__log_filter_data_load_start__ + SIZEOF (.log_filter_data)), 0x4)

.dtors          0x000000000000266c        0x0
                0x000000000000266c                __dtors_start__ = .
 *(SORT_BY_NAME(.dtors.*))
 *(.dtors)
 *(.fini_array)
 *(SORT_BY_NAME(.fini_array.*))
                0x000000000000266c                __dtors_end__ = (__dtors_start__ + SIZEOF (.dtors))
                0x0000000000000000                __dtors_size__ = SIZEOF (.dtors)
                0x000000000000266c                __dtors_load_end__ = __dtors_end__
                0x0000000000000001                . = ASSERT (((__dtors_start__ == __dtors_end__) || ((__dtors_end__ - __FLASH_segment_start__) <= __FLASH_segment_size__)), error: .dtors is too large to fit in FLASH memory segment)
                0x000000000000266c                __ctors_load_start__ = ALIGN (__dtors_end__, 0x4)

.ctors          0x000000000000266c        0x0
                0x000000000000266c                __ctors_start__ = .
 *(SORT_BY_NAME(.ctors.*))
 *(.ctors)
 *(.init_array)
 *(SORT_BY_NAME(.init_array.*))
                0x000000000000266c                __ctors_end__ = (__ctors_start__ + SIZEOF (.ctors))
                0x0000000000000000                __ctors_size__ = SIZEOF (.ctors)
                0x000000000000266c                __ctors_load_end__ = __ctors_end__
                0x0000000000000001                . = ASSERT (((__ctors_start__ == __ctors_end__) || ((__ctors_end__ - __FLASH_segment_start__) <= __FLASH_segment_size__)), error: .ctors is too large to fit in FLASH memory segment)
                0x000000000000266c                __rodata_load_start__ = ALIGN (__ctors_end__, 0x4)

.rodata         0x000000000000266c       0x94
                0x000000000000266c                __rodata_start__ = .
 *(.rodata .rodata.* .gnu.linkonce.r.*)
 .rodata.m_board_led_list
                0x000000000000266c        0x4 Output/myProject Release/Obj/boards.o
 .rodata.delay_bytecode.7990
                0x0000000000002670        0x6 Output/myProject Release/Obj/nrf_drv_usbd.o
 .rodata.epin_endev.8868
                0x0000000000002676       0x12 Output/myProject Release/Obj/nrf_drv_usbd.o
 .rodata.epout_endev.8869
                0x0000000000002688       0x12 Output/myProject Release/Obj/nrf_drv_usbd.o
 *fill*         0x000000000000269a        0x2 
 .rodata.m_isr  0x000000000000269c       0x64 Output/myProject Release/Obj/nrf_drv_usbd.o
                0x0000000000002700                __rodata_end__ = (__rodata_start__ + SIZEOF (.rodata))
                0x0000000000000094                __rodata_size__ = SIZEOF (.rodata)
                0x0000000000002700                __rodata_load_end__ = __rodata_end__

.rel.dyn        0x0000000000002700        0x0
 .rel.iplt      0x0000000000002700        0x0 Output/myProject Release/Obj/thumb_crt0.o
                0x0000000000000001                . = ASSERT (((__rodata_start__ == __rodata_end__) || ((__rodata_end__ - __FLASH_segment_start__) <= __FLASH_segment_size__)), error: .rodata is too large to fit in FLASH memory segment)
                0x0000000000002700                __ARM.exidx_load_start__ = ALIGN (__rodata_end__, 0x4)

.ARM.exidx      0x0000000000002700        0x0
                0x0000000000002700                __ARM.exidx_start__ = .
                0x0000000000002700                __exidx_start = __ARM.exidx_start__
 *(.ARM.exidx .ARM.exidx.*)
                0x0000000000002700                __ARM.exidx_end__ = (__ARM.exidx_start__ + SIZEOF (.ARM.exidx))
                0x0000000000000000                __ARM.exidx_size__ = SIZEOF (.ARM.exidx)
                0x0000000000002700                __exidx_end = __ARM.exidx_end__
                0x0000000000002700                __ARM.exidx_load_end__ = __ARM.exidx_end__
                0x0000000000000001                . = ASSERT (((__ARM.exidx_start__ == __ARM.exidx_end__) || ((__ARM.exidx_end__ - __FLASH_segment_start__) <= __FLASH_segment_size__)), error: .ARM.exidx is too large to fit in FLASH memory segment)
                0x0000000000002700                __fast_load_start__ = ALIGN (__ARM.exidx_end__, 0x4)

.fast           0x0000000020000008        0x0 load address 0x0000000000002700
                0x0000000020000008                __fast_start__ = .
 *(.fast .fast.*)
                0x0000000020000008                __fast_end__ = (__fast_start__ + SIZEOF (.fast))
                0x0000000000000000                __fast_size__ = SIZEOF (.fast)
                0x0000000000002700                __fast_load_end__ = (__fast_load_start__ + SIZEOF (.fast))
                0x0000000000000001                . = ASSERT (((__fast_load_start__ == __fast_load_end__) || ((__fast_load_end__ - __FLASH_segment_start__) <= __FLASH_segment_size__)), error: .fast is too large to fit in FLASH memory segment)

.fast_run       0x0000000020000008        0x0
                0x0000000020000008                __fast_run_start__ = .
                0x0000000020000008                . = MAX ((__fast_run_start__ + SIZEOF (.fast)), .)
                0x0000000020000008                __fast_run_end__ = (__fast_run_start__ + SIZEOF (.fast_run))
                0x0000000000000000                __fast_run_size__ = SIZEOF (.fast_run)
                0x0000000020000008                __fast_run_load_end__ = __fast_run_end__
                0x0000000000000001                . = ASSERT (((__fast_run_start__ == __fast_run_end__) || ((__fast_run_end__ - __RAM_segment_start__) <= __RAM_segment_size__)), error: .fast_run is too large to fit in RAM memory segment)
                0x0000000000002700                __data_load_start__ = ALIGN ((__fast_load_start__ + SIZEOF (.fast)), 0x4)

.data           0x0000000020000008        0x4 load address 0x0000000000002700
                0x0000000020000008                __data_start__ = .
 *(.data .data.* .gnu.linkonce.d.*)
 .data.SystemCoreClock
                0x0000000020000008        0x4 Output/myProject Release/Obj/system_nrf52840.o
                0x0000000020000008                SystemCoreClock
                0x000000002000000c                __data_end__ = (__data_start__ + SIZEOF (.data))
                0x0000000000000004                __data_size__ = SIZEOF (.data)
                0x0000000000002704                __data_load_end__ = (__data_load_start__ + SIZEOF (.data))

.igot.plt       0x0000000100000000        0x0
 .igot.plt      0x0000000100000000        0x0 Output/myProject Release/Obj/thumb_crt0.o
                0x0000000000000001                . = ASSERT (((__data_load_start__ == __data_load_end__) || ((__data_load_end__ - __FLASH_segment_start__) <= __FLASH_segment_size__)), error: .data is too large to fit in FLASH memory segment)

.data_run       0x0000000020000008        0x4 load address 0x0000000000002700
                0x0000000020000008                __data_run_start__ = .
                0x000000002000000c                . = MAX ((__data_run_start__ + SIZEOF (.data)), .)
 *fill*         0x0000000020000008        0x4 
                0x000000002000000c                __data_run_end__ = (__data_run_start__ + SIZEOF (.data_run))
                0x0000000000000004                __data_run_size__ = SIZEOF (.data_run)
                0x000000002000000c                __data_run_load_end__ = __data_run_end__
                0x0000000000000001                . = ASSERT (((__data_run_start__ == __data_run_end__) || ((__data_run_end__ - __RAM_segment_start__) <= __RAM_segment_size__)), error: .data_run is too large to fit in RAM memory segment)
                0x0000000000002704                __tdata_load_start__ = ALIGN ((__data_load_start__ + SIZEOF (.data)), 0x4)

.tdata          0x000000002000000c        0x0 load address 0x0000000000002704
                0x000000002000000c                __tdata_start__ = .
 *(.tdata .tdata.*)
                0x000000002000000c                __tdata_end__ = (__tdata_start__ + SIZEOF (.tdata))
                0x0000000000000000                __tdata_size__ = SIZEOF (.tdata)
                0x0000000000002704                __tdata_load_end__ = (__tdata_load_start__ + SIZEOF (.tdata))
                0x0000000000002704                __FLASH_segment_used_end__ = (ALIGN ((__data_load_start__ + SIZEOF (.data)), 0x4) + SIZEOF (.tdata))
                0x0000000000002704                __FLASH_segment_used_size__ = (__FLASH_segment_used_end__ - __FLASH_segment_start__)
                0x0000000000000001                . = ASSERT (((__tdata_load_start__ == __tdata_load_end__) || ((__tdata_load_end__ - __FLASH_segment_start__) <= __FLASH_segment_size__)), error: .tdata is too large to fit in FLASH memory segment)

.tdata_run      0x000000002000000c        0x0
                0x000000002000000c                __tdata_run_start__ = .
                0x000000002000000c                . = MAX ((__tdata_run_start__ + SIZEOF (.tdata)), .)
                0x000000002000000c                __tdata_run_end__ = (__tdata_run_start__ + SIZEOF (.tdata_run))
                0x0000000000000000                __tdata_run_size__ = SIZEOF (.tdata_run)
                0x000000002000000c                __tdata_run_load_end__ = __tdata_run_end__
                0x0000000000000001                . = ASSERT (((__tdata_run_start__ == __tdata_run_end__) || ((__tdata_run_end__ - __RAM_segment_start__) <= __RAM_segment_size__)), error: .tdata_run is too large to fit in RAM memory segment)
                0x000000002000000c                __bss_load_start__ = ALIGN (__tdata_run_end__, 0x4)

.bss            0x000000002000000c      0x168
                0x000000002000000c                __bss_start__ = .
 *(.bss .bss.* .gnu.linkonce.b.*)
 .bss.packet    0x000000002000000c        0x4 Output/myProject Release/Obj/main.o
 .bss.m_in_critical_region
                0x0000000020000010        0x4 Output/myProject Release/Obj/app_util_platform.o
 .bss.m_clock_cb
                0x0000000020000014       0x14 Output/myProject Release/Obj/nrf_drv_clock.o
 .bss.m_clock_cb
                0x0000000020000028        0x8 Output/myProject Release/Obj/nrfx_clock.o
 .bss.nrfx_clock_irq_enabled
                0x0000000020000030        0x1 Output/myProject Release/Obj/nrfx_clock.o
                0x0000000020000030                nrfx_clock_irq_enabled
 .bss.m_bus_suspend
                0x0000000020000031        0x1 Output/myProject Release/Obj/nrf_drv_usbd.o
 .bss.m_dma_pending
                0x0000000020000032        0x1 Output/myProject Release/Obj/nrf_drv_usbd.o
 *fill*         0x0000000020000033        0x1 
 .bss.m_ep_dma_waiting
                0x0000000020000034        0x4 Output/myProject Release/Obj/nrf_drv_usbd.o
 .bss.m_ep_ready
                0x0000000020000038        0x4 Output/myProject Release/Obj/nrf_drv_usbd.o
 .bss.m_ep_state
                0x000000002000003c      0x120 Output/myProject Release/Obj/nrf_drv_usbd.o
 .bss.m_event_handler
                0x000000002000015c        0x4 Output/myProject Release/Obj/nrf_drv_usbd.o
 .bss.m_last_setup_dir
                0x0000000020000160        0x1 Output/myProject Release/Obj/nrf_drv_usbd.o
 *fill*         0x0000000020000161        0x3 
 .bss.m_simulated_dataepstatus
                0x0000000020000164        0x4 Output/myProject Release/Obj/nrf_drv_usbd.o
 .bss.m_pofwarn_handler
                0x0000000020000168        0x4 Output/myProject Release/Obj/nrfx_power.o
 .bss.m_sleepevt_handler
                0x000000002000016c        0x4 Output/myProject Release/Obj/nrfx_power.o
 .bss.m_usbevt_handler
                0x0000000020000170        0x4 Output/myProject Release/Obj/nrfx_power.o
 *(COMMON)
                0x0000000020000174                __bss_end__ = (__bss_start__ + SIZEOF (.bss))
                0x0000000000000168                __bss_size__ = SIZEOF (.bss)
                0x0000000020000174                __bss_load_end__ = __bss_end__
                0x0000000000000001                . = ASSERT (((__bss_start__ == __bss_end__) || ((__bss_end__ - __RAM_segment_start__) <= __RAM_segment_size__)), error: .bss is too large to fit in RAM memory segment)
                0x0000000020000174                __tbss_load_start__ = ALIGN (__bss_end__, 0x4)

.tbss           0x0000000020000174        0x0
                0x0000000020000174                __tbss_start__ = .
 *(.tbss .tbss.*)
                0x0000000020000174                __tbss_end__ = (__tbss_start__ + SIZEOF (.tbss))
                0x0000000000000000                __tbss_size__ = SIZEOF (.tbss)
                0x0000000020000174                __tbss_load_end__ = __tbss_end__
                0x0000000000000001                . = ASSERT (((__tbss_start__ == __tbss_end__) || ((__tbss_end__ - __RAM_segment_start__) <= __RAM_segment_size__)), error: .tbss is too large to fit in RAM memory segment)
                0x0000000020000174                __non_init_load_start__ = ALIGN (__tbss_end__, 0x4)

.non_init       0x0000000020000174        0x0
                0x0000000020000174                __non_init_start__ = .
 *(.non_init .non_init.*)
                0x0000000020000174                __non_init_end__ = (__non_init_start__ + SIZEOF (.non_init))
                0x0000000000000000                __non_init_size__ = SIZEOF (.non_init)
                0x0000000020000174                __non_init_load_end__ = __non_init_end__
                0x0000000000000001                . = ASSERT (((__non_init_start__ == __non_init_end__) || ((__non_init_end__ - __RAM_segment_start__) <= __RAM_segment_size__)), error: .non_init is too large to fit in RAM memory segment)
                0x0000000020000174                __heap_load_start__ = ALIGN (__non_init_end__, 0x4)

.heap           0x0000000020000174     0x2000
                0x0000000020000174                __heap_start__ = .
 *(.heap .heap.*)
                0x0000000020002174                . = ALIGN (MAX ((__heap_start__ + __HEAPSIZE__), .), 0x4)
 *fill*         0x0000000020000174     0x2000 
                0x0000000020002174                __heap_end__ = (__heap_start__ + SIZEOF (.heap))
                0x0000000000002000                __heap_size__ = SIZEOF (.heap)
                0x0000000020002174                __heap_load_end__ = __heap_end__
                0x0000000000000001                . = ASSERT (((__heap_start__ == __heap_end__) || ((__heap_end__ - __RAM_segment_start__) <= __RAM_segment_size__)), error: .heap is too large to fit in RAM memory segment)
                0x000000002003e000                __stack_load_start__ = (__RAM_segment_start__ + (__RAM_segment_size__ - 0x2000))

.stack          0x000000002003e000     0x2000
                0x000000002003e000                __stack_start__ = .
                0x000000002003e000                __StackLimit = __stack_start__
 *(.stack .stack.*)
                0x0000000020040000                . = ALIGN (MAX ((__stack_start__ + __STACKSIZE__), .), 0x8)
 *fill*         0x000000002003e000     0x2000 
                0x0000000020040000                __stack_end__ = (__stack_start__ + SIZEOF (.stack))
                0x0000000000002000                __stack_size__ = SIZEOF (.stack)
                0x0000000020040000                __StackTop = __stack_end__
                0x0000000020040000                __stack_load_end__ = __stack_end__
                0x0000000000000001                . = ASSERT (((__stack_start__ == __stack_end__) || ((__stack_end__ - __RAM_segment_start__) <= __RAM_segment_size__)), error: .stack is too large to fit in RAM memory segment)
                0x0000000000000001                . = ASSERT ((__heap_end__ <= __stack_start__), error: section .heap overlaps absolute placed section .stack)
                0x0000000020040000                __stack_process_load_start__ = ALIGN (__stack_end__, 0x8)

.stack_process  0x0000000020040000        0x0
                0x0000000020040000                __stack_process_start__ = .
 *(.stack_process .stack_process.*)
                0x0000000020040000                . = ALIGN (MAX ((__stack_process_start__ + __STACKSIZE_PROCESS__), .), 0x8)
                0x0000000020040000                __stack_process_end__ = (__stack_process_start__ + SIZEOF (.stack_process))
                0x0000000000000000                __stack_process_size__ = SIZEOF (.stack_process)
                0x0000000020040000                __stack_process_load_end__ = __stack_process_end__
                0x0000000020040000                __RAM_segment_used_end__ = (ALIGN (__stack_end__, 0x8) + SIZEOF (.stack_process))
                0x0000000000040000                __RAM_segment_used_size__ = (__RAM_segment_used_end__ - __RAM_segment_start__)
                0x0000000000000001                . = ASSERT (((__stack_process_start__ == __stack_process_end__) || ((__stack_process_end__ - __RAM_segment_start__) <= __RAM_segment_size__)), error: .stack_process is too large to fit in RAM memory segment)
START GROUP
LOAD Output/myProject Release/Obj/thumb_crt0.o
LOAD Output/myProject Release/Obj/main.o
LOAD Output/myProject Release/Obj/boards.o
LOAD Output/myProject Release/Obj/ses_startup_nrf_common.o
LOAD Output/myProject Release/Obj/ses_startup_nrf52840.o
LOAD Output/myProject Release/Obj/system_nrf52840.o
LOAD Output/myProject Release/Obj/nrf_assert.o
LOAD Output/myProject Release/Obj/app_error_weak.o
LOAD Output/myProject Release/Obj/app_error.o
LOAD Output/myProject Release/Obj/app_util_platform.o
LOAD Output/myProject Release/Obj/app_usbd.o
LOAD Output/myProject Release/Obj/app_usbd_core.o
LOAD Output/myProject Release/Obj/app_usbd_serial_num.o
LOAD Output/myProject Release/Obj/app_usbd_string_desc.o
LOAD Output/myProject Release/Obj/nrf_atomic.o
LOAD Output/myProject Release/Obj/nrf_atfifo.o
LOAD Output/myProject Release/Obj/app_usbd_cdc_acm.o
LOAD Output/myProject Release/Obj/nrfx_systick.o
LOAD Output/myProject Release/Obj/nrf_drv_clock.o
LOAD Output/myProject Release/Obj/nrfx_clock.o
LOAD Output/myProject Release/Obj/nrf_drv_usbd.o
LOAD Output/myProject Release/Obj/nrf_drv_power.o
LOAD Output/myProject Release/Obj/nrfx_power.o
LOAD Output/myProject Release/Obj/nrfx_power_clock.o
LOAD Output/myProject Release/Obj/radio_config.o
LOAD C:/Program Files/SEGGER/SEGGER Embedded Studio for ARM 4.50/lib/libdebugio_mempoll_v7em_fpv4_sp_d16_hard_t_le_eabi.a
LOAD C:/Program Files/SEGGER/SEGGER Embedded Studio for ARM 4.50/lib/libm_v7em_fpv4_sp_d16_hard_t_le_eabi.a
LOAD C:/Program Files/SEGGER/SEGGER Embedded Studio for ARM 4.50/lib/libc_v7em_fpv4_sp_d16_hard_t_le_eabi.a
LOAD C:/Program Files/SEGGER/SEGGER Embedded Studio for ARM 4.50/lib/libcpp_v7em_fpv4_sp_d16_hard_t_le_eabi.a
LOAD C:/Program Files/SEGGER/SEGGER Embedded Studio for ARM 4.50/lib/libdebugio_v7em_fpv4_sp_d16_hard_t_le_eabi.a
LOAD C:/Program Files/SEGGER/SEGGER Embedded Studio for ARM 4.50/lib/libvfprintf_v7em_fpv4_sp_d16_hard_t_le_eabi.o
LOAD C:/Program Files/SEGGER/SEGGER Embedded Studio for ARM 4.50/lib/libvfscanf_v7em_fpv4_sp_d16_hard_t_le_eabi.o
END GROUP
OUTPUT(Output/Release/Exe/myProject.elf elf32-littlearm)

.ARM.attributes
                0x0000000000000000       0x35
 .ARM.attributes
                0x0000000000000000       0x25 Output/myProject Release/Obj/thumb_crt0.o
 .ARM.attributes
                0x0000000000000025       0x39 Output/myProject Release/Obj/main.o
 .ARM.attributes
                0x000000000000005e       0x39 Output/myProject Release/Obj/boards.o
 .ARM.attributes
                0x0000000000000097       0x25 Output/myProject Release/Obj/ses_startup_nrf_common.o
 .ARM.attributes
                0x00000000000000bc       0x25 Output/myProject Release/Obj/ses_startup_nrf52840.o
 .ARM.attributes
                0x00000000000000e1       0x39 Output/myProject Release/Obj/system_nrf52840.o
 .ARM.attributes
                0x000000000000011a       0x39 Output/myProject Release/Obj/app_util_platform.o
 .ARM.attributes
                0x0000000000000153       0x39 Output/myProject Release/Obj/nrf_atomic.o
 .ARM.attributes
                0x000000000000018c       0x39 Output/myProject Release/Obj/nrf_drv_clock.o
 .ARM.attributes
                0x00000000000001c5       0x39 Output/myProject Release/Obj/nrfx_clock.o
 .ARM.attributes
                0x00000000000001fe       0x39 Output/myProject Release/Obj/nrf_drv_usbd.o
 .ARM.attributes
                0x0000000000000237       0x39 Output/myProject Release/Obj/nrfx_power.o
 .ARM.attributes
                0x0000000000000270       0x39 Output/myProject Release/Obj/nrfx_power_clock.o
 .ARM.attributes
                0x00000000000002a9       0x39 Output/myProject Release/Obj/radio_config.o

.comment        0x0000000000000000       0x47
 .comment       0x0000000000000000       0x47 Output/myProject Release/Obj/main.o
                                         0x48 (size before relaxing)
 .comment       0x0000000000000047       0x48 Output/myProject Release/Obj/boards.o
 .comment       0x0000000000000047       0x48 Output/myProject Release/Obj/system_nrf52840.o
 .comment       0x0000000000000047       0x48 Output/myProject Release/Obj/app_util_platform.o
 .comment       0x0000000000000047       0x48 Output/myProject Release/Obj/nrf_atomic.o
 .comment       0x0000000000000047       0x48 Output/myProject Release/Obj/nrf_drv_clock.o
 .comment       0x0000000000000047       0x48 Output/myProject Release/Obj/nrfx_clock.o
 .comment       0x0000000000000047       0x48 Output/myProject Release/Obj/nrf_drv_usbd.o
 .comment       0x0000000000000047       0x48 Output/myProject Release/Obj/nrfx_power.o
 .comment       0x0000000000000047       0x48 Output/myProject Release/Obj/nrfx_power_clock.o
 .comment       0x0000000000000047       0x48 Output/myProject Release/Obj/radio_config.o

.debug_line     0x0000000000000000     0x86e4
 .debug_line    0x0000000000000000      0x1ed Output/myProject Release/Obj/thumb_crt0.o
 .debug_line    0x00000000000001ed      0x7ae Output/myProject Release/Obj/main.o
 .debug_line    0x000000000000099b      0xa8d Output/myProject Release/Obj/boards.o
 .debug_line    0x0000000000001428       0xc5 Output/myProject Release/Obj/ses_startup_nrf_common.o
 .debug_line    0x00000000000014ed       0xa4 Output/myProject Release/Obj/ses_startup_nrf52840.o
 .debug_line    0x0000000000001591      0x500 Output/myProject Release/Obj/system_nrf52840.o
 .debug_line    0x0000000000001a91      0x421 Output/myProject Release/Obj/app_util_platform.o
 .debug_line    0x0000000000001eb2      0x685 Output/myProject Release/Obj/nrf_atomic.o
 .debug_line    0x0000000000002537      0xaa8 Output/myProject Release/Obj/nrf_drv_clock.o
 .debug_line    0x0000000000002fdf      0xb79 Output/myProject Release/Obj/nrfx_clock.o
 .debug_line    0x0000000000003b58     0x3428 Output/myProject Release/Obj/nrf_drv_usbd.o
 .debug_line    0x0000000000006f80      0xb86 Output/myProject Release/Obj/nrfx_power.o
 .debug_line    0x0000000000007b06      0x552 Output/myProject Release/Obj/nrfx_power_clock.o
 .debug_line    0x0000000000008058      0x68c Output/myProject Release/Obj/radio_config.o

.debug_info     0x0000000000000000     0x9bbe
 .debug_info    0x0000000000000000       0x22 Output/myProject Release/Obj/thumb_crt0.o
 .debug_info    0x0000000000000022      0x580 Output/myProject Release/Obj/main.o
 .debug_info    0x00000000000005a2      0xe46 Output/myProject Release/Obj/boards.o
 .debug_info    0x00000000000013e8       0x26 Output/myProject Release/Obj/ses_startup_nrf_common.o
 .debug_info    0x000000000000140e       0x26 Output/myProject Release/Obj/ses_startup_nrf52840.o
 .debug_info    0x0000000000001434      0x2ae Output/myProject Release/Obj/system_nrf52840.o
 .debug_info    0x00000000000016e2      0x535 Output/myProject Release/Obj/app_util_platform.o
 .debug_info    0x0000000000001c17      0xb24 Output/myProject Release/Obj/nrf_atomic.o
 .debug_info    0x000000000000273b      0xb07 Output/myProject Release/Obj/nrf_drv_clock.o
 .debug_info    0x0000000000003242      0xd0b Output/myProject Release/Obj/nrfx_clock.o
 .debug_info    0x0000000000003f4d     0x4656 Output/myProject Release/Obj/nrf_drv_usbd.o
 .debug_info    0x00000000000085a3      0xe51 Output/myProject Release/Obj/nrfx_power.o
 .debug_info    0x00000000000093f4      0x302 Output/myProject Release/Obj/nrfx_power_clock.o
 .debug_info    0x00000000000096f6      0x4c8 Output/myProject Release/Obj/radio_config.o

.debug_abbrev   0x0000000000000000     0x2aab
 .debug_abbrev  0x0000000000000000       0x12 Output/myProject Release/Obj/thumb_crt0.o
 .debug_abbrev  0x0000000000000012      0x2b8 Output/myProject Release/Obj/main.o
 .debug_abbrev  0x00000000000002ca      0x47a Output/myProject Release/Obj/boards.o
 .debug_abbrev  0x0000000000000744       0x14 Output/myProject Release/Obj/ses_startup_nrf_common.o
 .debug_abbrev  0x0000000000000758       0x14 Output/myProject Release/Obj/ses_startup_nrf52840.o
 .debug_abbrev  0x000000000000076c      0x286 Output/myProject Release/Obj/system_nrf52840.o
 .debug_abbrev  0x00000000000009f2      0x2f8 Output/myProject Release/Obj/app_util_platform.o
 .debug_abbrev  0x0000000000000cea      0x29d Output/myProject Release/Obj/nrf_atomic.o
 .debug_abbrev  0x0000000000000f87      0x4c5 Output/myProject Release/Obj/nrf_drv_clock.o
 .debug_abbrev  0x000000000000144c      0x4f7 Output/myProject Release/Obj/nrfx_clock.o
 .debug_abbrev  0x0000000000001943      0x803 Output/myProject Release/Obj/nrf_drv_usbd.o
 .debug_abbrev  0x0000000000002146      0x52f Output/myProject Release/Obj/nrfx_power.o
 .debug_abbrev  0x0000000000002675      0x1ae Output/myProject Release/Obj/nrfx_power_clock.o
 .debug_abbrev  0x0000000000002823      0x288 Output/myProject Release/Obj/radio_config.o

.debug_aranges  0x0000000000000000      0x740
 .debug_aranges
                0x0000000000000000       0x80 Output/myProject Release/Obj/thumb_crt0.o
 .debug_aranges
                0x0000000000000080       0x30 Output/myProject Release/Obj/main.o
 .debug_aranges
                0x00000000000000b0       0x78 Output/myProject Release/Obj/boards.o
 .debug_aranges
                0x0000000000000128       0x20 Output/myProject Release/Obj/ses_startup_nrf_common.o
 .debug_aranges
                0x0000000000000148       0x20 Output/myProject Release/Obj/ses_startup_nrf52840.o
 .debug_aranges
                0x0000000000000168       0x30 Output/myProject Release/Obj/system_nrf52840.o
 .debug_aranges
                0x0000000000000198       0x48 Output/myProject Release/Obj/app_util_platform.o
 .debug_aranges
                0x00000000000001e0       0xb0 Output/myProject Release/Obj/nrf_atomic.o
 .debug_aranges
                0x0000000000000290       0x88 Output/myProject Release/Obj/nrf_drv_clock.o
 .debug_aranges
                0x0000000000000318       0x80 Output/myProject Release/Obj/nrfx_clock.o
 .debug_aranges
                0x0000000000000398      0x2b8 Output/myProject Release/Obj/nrf_drv_usbd.o
 .debug_aranges
                0x0000000000000650       0xa8 Output/myProject Release/Obj/nrfx_power.o
 .debug_aranges
                0x00000000000006f8       0x20 Output/myProject Release/Obj/nrfx_power_clock.o
 .debug_aranges
                0x0000000000000718       0x28 Output/myProject Release/Obj/radio_config.o

.debug_str      0x0000000000000000    0x81e3b
 .debug_str     0x0000000000000000       0x9e Output/myProject Release/Obj/thumb_crt0.o
 .debug_str     0x000000000000009e    0x77e00 Output/myProject Release/Obj/main.o
                                      0x78ebb (size before relaxing)
 .debug_str     0x0000000000077e9e      0x7ab Output/myProject Release/Obj/boards.o
                                      0x78fb9 (size before relaxing)
 .debug_str     0x0000000000078649       0x69 Output/myProject Release/Obj/ses_startup_nrf_common.o
                                         0xb7 (size before relaxing)
 .debug_str     0x00000000000786b2       0x67 Output/myProject Release/Obj/ses_startup_nrf52840.o
                                         0xb5 (size before relaxing)
 .debug_str     0x0000000000078719      0x409 Output/myProject Release/Obj/system_nrf52840.o
                                      0x6a2dc (size before relaxing)
 .debug_str     0x0000000000078b22      0x547 Output/myProject Release/Obj/app_util_platform.o
                                      0x6c00d (size before relaxing)
 .debug_str     0x0000000000079069      0xc27 Output/myProject Release/Obj/nrf_atomic.o
                                      0x75a1b (size before relaxing)
 .debug_str     0x0000000000079c90     0x2edc Output/myProject Release/Obj/nrf_drv_clock.o
                                      0x7b27c (size before relaxing)
 .debug_str     0x000000000007cb6c      0x83d Output/myProject Release/Obj/nrfx_clock.o
                                      0x7b9c3 (size before relaxing)
 .debug_str     0x000000000007d3a9     0x3b2a Output/myProject Release/Obj/nrf_drv_usbd.o
                                      0x7e947 (size before relaxing)
 .debug_str     0x0000000000080ed3      0xe14 Output/myProject Release/Obj/nrfx_power.o
                                      0x78ffa (size before relaxing)
 .debug_str     0x0000000000081ce7       0x6b Output/myProject Release/Obj/nrfx_power_clock.o
                                      0x77d3d (size before relaxing)
 .debug_str     0x0000000000081d52       0xe9 Output/myProject Release/Obj/radio_config.o
                                      0x780c9 (size before relaxing)

.debug_ranges   0x0000000000000000     0x14d0
 .debug_ranges  0x0000000000000000       0x78 Output/myProject Release/Obj/thumb_crt0.o
 .debug_ranges  0x0000000000000078       0x20 Output/myProject Release/Obj/main.o
 .debug_ranges  0x0000000000000098      0x1e8 Output/myProject Release/Obj/boards.o
 .debug_ranges  0x0000000000000280       0x20 Output/myProject Release/Obj/system_nrf52840.o
 .debug_ranges  0x00000000000002a0       0x38 Output/myProject Release/Obj/app_util_platform.o
 .debug_ranges  0x00000000000002d8      0x208 Output/myProject Release/Obj/nrf_atomic.o
 .debug_ranges  0x00000000000004e0       0xf0 Output/myProject Release/Obj/nrf_drv_clock.o
 .debug_ranges  0x00000000000005d0      0x130 Output/myProject Release/Obj/nrfx_clock.o
 .debug_ranges  0x0000000000000700      0xbb8 Output/myProject Release/Obj/nrf_drv_usbd.o
 .debug_ranges  0x00000000000012b8      0x1d8 Output/myProject Release/Obj/nrfx_power.o
 .debug_ranges  0x0000000000001490       0x10 Output/myProject Release/Obj/nrfx_power_clock.o
 .debug_ranges  0x00000000000014a0       0x30 Output/myProject Release/Obj/radio_config.o

.debug_frame    0x0000000000000000     0x11a8
 .debug_frame   0x0000000000000000       0x70 Output/myProject Release/Obj/main.o
 .debug_frame   0x0000000000000070      0x104 Output/myProject Release/Obj/boards.o
 .debug_frame   0x0000000000000174       0x4c Output/myProject Release/Obj/system_nrf52840.o
 .debug_frame   0x00000000000001c0       0x70 Output/myProject Release/Obj/app_util_platform.o
 .debug_frame   0x0000000000000230      0x1f8 Output/myProject Release/Obj/nrf_atomic.o
 .debug_frame   0x0000000000000428      0x19c Output/myProject Release/Obj/nrf_drv_clock.o
 .debug_frame   0x00000000000005c4      0x14c Output/myProject Release/Obj/nrfx_clock.o
 .debug_frame   0x0000000000000710      0x8c8 Output/myProject Release/Obj/nrf_drv_usbd.o
 .debug_frame   0x0000000000000fd8      0x14c Output/myProject Release/Obj/nrfx_power.o
 .debug_frame   0x0000000000001124       0x34 Output/myProject Release/Obj/nrfx_power_clock.o
 .debug_frame   0x0000000000001158       0x50 Output/myProject Release/Obj/radio_config.o

.debug_types    0x0000000000000000     0x319c
 .debug_types   0x0000000000000000      0x68a Output/myProject Release/Obj/main.o
 .debug_types   0x000000000000068a       0x8a Output/myProject Release/Obj/main.o
 .debug_types   0x0000000000000714       0x6b Output/myProject Release/Obj/main.o
 .debug_types   0x000000000000077f       0x97 Output/myProject Release/Obj/main.o
 .debug_types   0x0000000000000816      0x16e Output/myProject Release/Obj/main.o
 .debug_types   0x0000000000000984      0x1da Output/myProject Release/Obj/main.o
 .debug_types   0x0000000000000b5e       0x54 Output/myProject Release/Obj/main.o
 .debug_types   0x0000000000000bb2       0x46 Output/myProject Release/Obj/boards.o
 .debug_types   0x0000000000000bf8       0x64 Output/myProject Release/Obj/boards.o
 .debug_types   0x0000000000000c5c       0x46 Output/myProject Release/Obj/boards.o
 .debug_types   0x0000000000000ca2       0x40 Output/myProject Release/Obj/boards.o
 .debug_types   0x0000000000000ce2       0x40 Output/myProject Release/Obj/boards.o
 .debug_types   0x0000000000000d22      0x144 Output/myProject Release/Obj/boards.o
 .debug_types   0x0000000000000e66      0x190 Output/myProject Release/Obj/boards.o
 .debug_types   0x0000000000000ff6       0x5b Output/myProject Release/Obj/boards.o
 .debug_types   0x0000000000001051      0x3a8 Output/myProject Release/Obj/boards.o
 .debug_types   0x00000000000013f9      0x1a9 Output/myProject Release/Obj/boards.o
 .debug_types   0x00000000000015a2       0x83 Output/myProject Release/Obj/boards.o
 .debug_types   0x0000000000001625      0x1fc Output/myProject Release/Obj/boards.o
 .debug_types   0x0000000000001821      0x218 Output/myProject Release/Obj/system_nrf52840.o
 .debug_types   0x0000000000001a39      0x28f Output/myProject Release/Obj/system_nrf52840.o
 .debug_types   0x0000000000001cc8      0x331 Output/myProject Release/Obj/system_nrf52840.o
 .debug_types   0x0000000000001ff9      0x2bb Output/myProject Release/Obj/system_nrf52840.o
 .debug_types   0x00000000000022b4       0xb6 Output/myProject Release/Obj/system_nrf52840.o
 .debug_types   0x000000000000236a       0x79 Output/myProject Release/Obj/system_nrf52840.o
 .debug_types   0x00000000000023e3      0x111 Output/myProject Release/Obj/system_nrf52840.o
 .debug_types   0x00000000000024f4       0xad Output/myProject Release/Obj/system_nrf52840.o
 .debug_types   0x00000000000025a1       0x40 Output/myProject Release/Obj/app_util_platform.o
 .debug_types   0x00000000000025e1       0x58 Output/myProject Release/Obj/app_util_platform.o
 .debug_types   0x0000000000002639      0x173 Output/myProject Release/Obj/app_util_platform.o
 .debug_types   0x00000000000027ac      0x172 Output/myProject Release/Obj/app_util_platform.o
 .debug_types   0x000000000000291e       0xc2 Output/myProject Release/Obj/nrf_drv_clock.o
 .debug_types   0x00000000000029e0       0x4c Output/myProject Release/Obj/nrf_drv_clock.o
 .debug_types   0x0000000000002a2c       0x40 Output/myProject Release/Obj/nrf_drv_clock.o
 .debug_types   0x0000000000002a6c       0x83 Output/myProject Release/Obj/nrfx_clock.o
 .debug_types   0x0000000000002aef       0x50 Output/myProject Release/Obj/nrfx_clock.o
 .debug_types   0x0000000000002b3f       0x5e Output/myProject Release/Obj/nrfx_clock.o
 .debug_types   0x0000000000002b9d       0x4c Output/myProject Release/Obj/nrfx_clock.o
 .debug_types   0x0000000000002be9       0x58 Output/myProject Release/Obj/nrfx_clock.o
 .debug_types   0x0000000000002c41       0x6e Output/myProject Release/Obj/nrf_drv_usbd.o
 .debug_types   0x0000000000002caf       0xb8 Output/myProject Release/Obj/nrf_drv_usbd.o
 .debug_types   0x0000000000002d67       0x41 Output/myProject Release/Obj/nrf_drv_usbd.o
 .debug_types   0x0000000000002da8       0x41 Output/myProject Release/Obj/nrf_drv_usbd.o
 .debug_types   0x0000000000002de9       0x47 Output/myProject Release/Obj/nrf_drv_usbd.o
 .debug_types   0x0000000000002e30       0x47 Output/myProject Release/Obj/nrf_drv_usbd.o
 .debug_types   0x0000000000002e77       0x57 Output/myProject Release/Obj/nrf_drv_usbd.o
 .debug_types   0x0000000000002ece       0xed Output/myProject Release/Obj/nrf_drv_usbd.o
 .debug_types   0x0000000000002fbb       0xe3 Output/myProject Release/Obj/nrf_drv_usbd.o
 .debug_types   0x000000000000309e       0x46 Output/myProject Release/Obj/nrf_drv_usbd.o
 .debug_types   0x00000000000030e4       0x5a Output/myProject Release/Obj/nrfx_power.o
 .debug_types   0x000000000000313e       0x5e Output/myProject Release/Obj/nrfx_power.o

.debug_loc      0x0000000000000000     0x35d5
 .debug_loc     0x0000000000000000       0xe6 Output/myProject Release/Obj/main.o
 .debug_loc     0x00000000000000e6      0x7ea Output/myProject Release/Obj/boards.o
 .debug_loc     0x00000000000008d0       0xda Output/myProject Release/Obj/app_util_platform.o
 .debug_loc     0x00000000000009aa      0x45f Output/myProject Release/Obj/nrf_atomic.o
 .debug_loc     0x0000000000000e09      0x36c Output/myProject Release/Obj/nrf_drv_clock.o
 .debug_loc     0x0000000000001175      0x31d Output/myProject Release/Obj/nrfx_clock.o
 .debug_loc     0x0000000000001492     0x1ce8 Output/myProject Release/Obj/nrf_drv_usbd.o
 .debug_loc     0x000000000000317a      0x3a3 Output/myProject Release/Obj/nrfx_power.o
 .debug_loc     0x000000000000351d       0xb8 Output/myProject Release/Obj/radio_config.o

.debug_pubnames
                0x0000000000000000     0x4ec9
 .debug_pubnames
                0x0000000000000000       0x51 Output/myProject Release/Obj/main.o
 .debug_pubnames
                0x0000000000000051      0x504 Output/myProject Release/Obj/boards.o
 .debug_pubnames
                0x0000000000000555       0xe8 Output/myProject Release/Obj/system_nrf52840.o
 .debug_pubnames
                0x000000000000063d      0x204 Output/myProject Release/Obj/app_util_platform.o
 .debug_pubnames
                0x0000000000000841      0x233 Output/myProject Release/Obj/nrf_atomic.o
 .debug_pubnames
                0x0000000000000a74      0x48e Output/myProject Release/Obj/nrf_drv_clock.o
 .debug_pubnames
                0x0000000000000f02      0xa4f Output/myProject Release/Obj/nrfx_clock.o
 .debug_pubnames
                0x0000000000001951     0x25ad Output/myProject Release/Obj/nrf_drv_usbd.o
 .debug_pubnames
                0x0000000000003efe      0xf55 Output/myProject Release/Obj/nrfx_power.o
 .debug_pubnames
                0x0000000000004e53       0x2d Output/myProject Release/Obj/nrfx_power_clock.o
 .debug_pubnames
                0x0000000000004e80       0x49 Output/myProject Release/Obj/radio_config.o

.debug_pubtypes
                0x0000000000000000     0x179e
 .debug_pubtypes
                0x0000000000000000      0x177 Output/myProject Release/Obj/main.o
 .debug_pubtypes
                0x0000000000000177      0x24b Output/myProject Release/Obj/boards.o
 .debug_pubtypes
                0x00000000000003c2      0x14e Output/myProject Release/Obj/system_nrf52840.o
 .debug_pubtypes
                0x0000000000000510      0x19a Output/myProject Release/Obj/app_util_platform.o
 .debug_pubtypes
                0x00000000000006aa      0x184 Output/myProject Release/Obj/nrf_atomic.o
 .debug_pubtypes
                0x000000000000082e      0x2c8 Output/myProject Release/Obj/nrf_drv_clock.o
 .debug_pubtypes
                0x0000000000000af6      0x2dc Output/myProject Release/Obj/nrfx_clock.o
 .debug_pubtypes
                0x0000000000000dd2      0x3c5 Output/myProject Release/Obj/nrf_drv_usbd.o
 .debug_pubtypes
                0x0000000000001197      0x33a Output/myProject Release/Obj/nrfx_power.o
 .debug_pubtypes
                0x00000000000014d1      0x162 Output/myProject Release/Obj/nrfx_power_clock.o
 .debug_pubtypes
                0x0000000000001633      0x16b Output/myProject Release/Obj/radio_config.o

.debug_macro    0x0000000000000000    0x1545b
 .debug_macro   0x0000000000000000      0x24e Output/myProject Release/Obj/main.o
 .debug_macro   0x000000000000024e      0xaea Output/myProject Release/Obj/main.o
 .debug_macro   0x0000000000000d38       0x22 Output/myProject Release/Obj/main.o
 .debug_macro   0x0000000000000d5a      0x1a3 Output/myProject Release/Obj/main.o
 .debug_macro   0x0000000000000efd       0x89 Output/myProject Release/Obj/main.o
 .debug_macro   0x0000000000000f86       0x1c Output/myProject Release/Obj/main.o
 .debug_macro   0x0000000000000fa2       0x72 Output/myProject Release/Obj/main.o
 .debug_macro   0x0000000000001014      0x7cb Output/myProject Release/Obj/main.o
 .debug_macro   0x00000000000017df       0x22 Output/myProject Release/Obj/main.o
 .debug_macro   0x0000000000001801       0x2d Output/myProject Release/Obj/main.o
 .debug_macro   0x000000000000182e       0x3b Output/myProject Release/Obj/main.o
 .debug_macro   0x0000000000001869       0x50 Output/myProject Release/Obj/main.o
 .debug_macro   0x00000000000018b9      0xe66 Output/myProject Release/Obj/main.o
 .debug_macro   0x000000000000271f      0x402 Output/myProject Release/Obj/main.o
 .debug_macro   0x0000000000002b21     0xfe8b Output/myProject Release/Obj/main.o
 .debug_macro   0x00000000000129ac       0xb2 Output/myProject Release/Obj/main.o
 .debug_macro   0x0000000000012a5e       0x22 Output/myProject Release/Obj/main.o
 .debug_macro   0x0000000000012a80      0x419 Output/myProject Release/Obj/main.o
 .debug_macro   0x0000000000012e99       0x3d Output/myProject Release/Obj/main.o
 .debug_macro   0x0000000000012ed6       0xb9 Output/myProject Release/Obj/main.o
 .debug_macro   0x0000000000012f8f      0x141 Output/myProject Release/Obj/main.o
 .debug_macro   0x00000000000130d0       0x16 Output/myProject Release/Obj/main.o
 .debug_macro   0x00000000000130e6      0x16d Output/myProject Release/Obj/main.o
 .debug_macro   0x0000000000013253      0x7bc Output/myProject Release/Obj/main.o
 .debug_macro   0x0000000000013a0f       0x3f Output/myProject Release/Obj/main.o
 .debug_macro   0x0000000000013a4e       0x8e Output/myProject Release/Obj/main.o
 .debug_macro   0x0000000000013adc       0xa7 Output/myProject Release/Obj/main.o
 .debug_macro   0x0000000000013b83       0x49 Output/myProject Release/Obj/main.o
 .debug_macro   0x0000000000013bcc       0x8c Output/myProject Release/Obj/main.o
 .debug_macro   0x0000000000013c58       0x19 Output/myProject Release/Obj/main.o
 .debug_macro   0x0000000000013c71       0x16 Output/myProject Release/Obj/main.o
 .debug_macro   0x0000000000013c87       0x7b Output/myProject Release/Obj/main.o
 .debug_macro   0x0000000000013d02       0x64 Output/myProject Release/Obj/main.o
 .debug_macro   0x0000000000013d66       0x20 Output/myProject Release/Obj/main.o
 .debug_macro   0x0000000000013d86       0x10 Output/myProject Release/Obj/main.o
 .debug_macro   0x0000000000013d96       0x28 Output/myProject Release/Obj/main.o
 .debug_macro   0x0000000000013dbe       0x10 Output/myProject Release/Obj/main.o
 .debug_macro   0x0000000000013dce       0x1c Output/myProject Release/Obj/main.o
 .debug_macro   0x0000000000013dea       0x9a Output/myProject Release/Obj/main.o
 .debug_macro   0x0000000000013e84      0x16d Output/myProject Release/Obj/main.o
 .debug_macro   0x0000000000013ff1       0x1c Output/myProject Release/Obj/main.o
 .debug_macro   0x000000000001400d       0x1c Output/myProject Release/Obj/main.o
 .debug_macro   0x0000000000014029      0x1f9 Output/myProject Release/Obj/boards.o
 .debug_macro   0x0000000000014222       0x16 Output/myProject Release/Obj/boards.o
 .debug_macro   0x0000000000014238       0x9f Output/myProject Release/Obj/system_nrf52840.o
 .debug_macro   0x00000000000142d7      0x107 Output/myProject Release/Obj/app_util_platform.o
 .debug_macro   0x00000000000143de       0x2e Output/myProject Release/Obj/app_util_platform.o
 .debug_macro   0x000000000001440c      0x141 Output/myProject Release/Obj/nrf_atomic.o
 .debug_macro   0x000000000001454d       0x42 Output/myProject Release/Obj/nrf_atomic.o
 .debug_macro   0x000000000001458f      0x2ae Output/myProject Release/Obj/nrf_drv_clock.o
 .debug_macro   0x000000000001483d      0x2b9 Output/myProject Release/Obj/nrfx_clock.o
 .debug_macro   0x0000000000014af6       0x1c Output/myProject Release/Obj/nrfx_clock.o
 .debug_macro   0x0000000000014b12       0x42 Output/myProject Release/Obj/nrfx_clock.o
 .debug_macro   0x0000000000014b54      0x313 Output/myProject Release/Obj/nrf_drv_usbd.o
 .debug_macro   0x0000000000014e67      0x1f5 Output/myProject Release/Obj/nrfx_power.o
 .debug_macro   0x000000000001505c      0x202 Output/myProject Release/Obj/nrfx_power_clock.o
 .debug_macro   0x000000000001525e      0x1fd Output/myProject Release/Obj/radio_config.o
